// Jest Snapshot v1, https://goo.gl/fbAQLP

exports[`Player render className container correctly 1`] = `ShallowWrapper {}`;

exports[`Player render container className and playerClassName container correctly 1`] = `ShallowWrapper {}`;

exports[`Player render playerClassName container correctly 1`] = `ShallowWrapper {}`;

exports[`Player renders correctly 1`] = `
<div
  style={
    Object {
      "maxWidth": "100%",
      "width": "100%",
    }
  }
>
  <video
    style={
      Object {
        "maxWidth": "100%",
        "width": "100%",
      }
    }
  />
</div>
`;

exports[`Player renders source[src] string correctly 1`] = `ShallowWrapper {}`;
